pytest : Traceback (most recent call last):
No linha:1 caractere:1
+ pytest > test_output.txt 2>&1
+ ~~~~~~~~~~~~~~~~~~~~~~~~~~~~~
    + CategoryInfo          : NotSpecified: (Traceback (most recent call last)::String) [], RemoteException
    + FullyQualifiedErrorId : NativeCommandError
 
  File "<frozen runpy>", line 198, in _run_module_as_main
  File "<frozen runpy>", line 88, in _run_code
  File "c:\users\andrey\appdata\local\packages\pythonsoftwarefoundation.python.3.12_qbz5n2kfra8p0\localcache\local-packages\python312\scripts\pytest.exe\__main__.py", line 7, in 
<module>
  File "C:\Users\Andrey\AppData\Local\Packages\PythonSoftwareFoundation.Python.3.12_qbz5n2kfra8p0\LocalCache\local-packages\Python312\site-packages\_pytest\config\__init__.py", 
line 201, in console_main
    code = main()
           ^^^^^^
  File "C:\Users\Andrey\AppData\Local\Packages\PythonSoftwareFoundation.Python.3.12_qbz5n2kfra8p0\LocalCache\local-packages\Python312\site-packages\_pytest\config\__init__.py", 
line 156, in main
    config = _prepareconfig(args, plugins)
             ^^^^^^^^^^^^^^^^^^^^^^^^^^^^^
  File "C:\Users\Andrey\AppData\Local\Packages\PythonSoftwareFoundation.Python.3.12_qbz5n2kfra8p0\LocalCache\local-packages\Python312\site-packages\_pytest\config\__init__.py", 
line 341, in _prepareconfig
    config = pluginmanager.hook.pytest_cmdline_parse(
             ^^^^^^^^^^^^^^^^^^^^^^^^^^^^^^^^^^^^^^^^
  File "C:\Users\Andrey\AppData\Local\Packages\PythonSoftwareFoundation.Python.3.12_qbz5n2kfra8p0\LocalCache\local-packages\Python312\site-packages\pluggy\_hooks.py", line 513, in 
__call__
    return self._hookexec(self.name, self._hookimpls.copy(), kwargs, firstresult)
           ^^^^^^^^^^^^^^^^^^^^^^^^^^^^^^^^^^^^^^^^^^^^^^^^^^^^^^^^^^^^^^^^^^^^^^
  File "C:\Users\Andrey\AppData\Local\Packages\PythonSoftwareFoundation.Python.3.12_qbz5n2kfra8p0\LocalCache\local-packages\Python312\site-packages\pluggy\_manager.py", line 120, 
in _hookexec
    return self._inner_hookexec(hook_name, methods, kwargs, firstresult)
           ^^^^^^^^^^^^^^^^^^^^^^^^^^^^^^^^^^^^^^^^^^^^^^^^^^^^^^^^^^^^^
  File "C:\Users\Andrey\AppData\Local\Packages\PythonSoftwareFoundation.Python.3.12_qbz5n2kfra8p0\LocalCache\local-packages\Python312\site-packages\pluggy\_callers.py", line 139, 
in _multicall
    raise exception.with_traceback(exception.__traceback__)
  File "C:\Users\Andrey\AppData\Local\Packages\PythonSoftwareFoundation.Python.3.12_qbz5n2kfra8p0\LocalCache\local-packages\Python312\site-packages\pluggy\_callers.py", line 122, 
in _multicall
    teardown.throw(exception)  # type: ignore[union-attr]
    ^^^^^^^^^^^^^^^^^^^^^^^^^
  File "C:\Users\Andrey\AppData\Local\Packages\PythonSoftwareFoundation.Python.3.12_qbz5n2kfra8p0\LocalCache\local-packages\Python312\site-packages\_pytest\helpconfig.py", line 
105, in pytest_cmdline_parse
    config = yield
             ^^^^^
  File "C:\Users\Andrey\AppData\Local\Packages\PythonSoftwareFoundation.Python.3.12_qbz5n2kfra8p0\LocalCache\local-packages\Python312\site-packages\pluggy\_callers.py", line 103, 
in _multicall
    res = hook_impl.function(*args)
          ^^^^^^^^^^^^^^^^^^^^^^^^^
  File "C:\Users\Andrey\AppData\Local\Packages\PythonSoftwareFoundation.Python.3.12_qbz5n2kfra8p0\LocalCache\local-packages\Python312\site-packages\_pytest\config\__init__.py", 
line 1140, in pytest_cmdline_parse
    self.parse(args)
  File "C:\Users\Andrey\AppData\Local\Packages\PythonSoftwareFoundation.Python.3.12_qbz5n2kfra8p0\LocalCache\local-packages\Python312\site-packages\_pytest\config\__init__.py", 
line 1494, in parse
    self._preparse(args, addopts=addopts)
  File "C:\Users\Andrey\AppData\Local\Packages\PythonSoftwareFoundation.Python.3.12_qbz5n2kfra8p0\LocalCache\local-packages\Python312\site-packages\_pytest\config\__init__.py", 
line 1381, in _preparse
    self.pluginmanager.load_setuptools_entrypoints("pytest11")
  File "C:\Users\Andrey\AppData\Local\Packages\PythonSoftwareFoundation.Python.3.12_qbz5n2kfra8p0\LocalCache\local-packages\Python312\site-packages\pluggy\_manager.py", line 421, 
in load_setuptools_entrypoints
    plugin = ep.load()
             ^^^^^^^^^
  File "C:\Program Files\WindowsApps\PythonSoftwareFoundation.Python.3.12_3.12.2800.0_x64__qbz5n2kfra8p0\Lib\importlib\metadata\__init__.py", line 205, in load
    module = import_module(match.group('module'))
             ^^^^^^^^^^^^^^^^^^^^^^^^^^^^^^^^^^^^
  File "C:\Program Files\WindowsApps\PythonSoftwareFoundation.Python.3.12_3.12.2800.0_x64__qbz5n2kfra8p0\Lib\importlib\__init__.py", line 90, in import_module
    return _bootstrap._gcd_import(name[level:], package, level)
           ^^^^^^^^^^^^^^^^^^^^^^^^^^^^^^^^^^^^^^^^^^^^^^^^^^^^
  File "<frozen importlib._bootstrap>", line 1387, in _gcd_import
  File "<frozen importlib._bootstrap>", line 1360, in _find_and_load
  File "<frozen importlib._bootstrap>", line 1331, in _find_and_load_unlocked
  File "<frozen importlib._bootstrap>", line 935, in _load_unlocked
  File "C:\Users\Andrey\AppData\Local\Packages\PythonSoftwareFoundation.Python.3.12_qbz5n2kfra8p0\LocalCache\local-packages\Python312\site-packages\_pytest\assertion\rewrite.py", 
line 185, in exec_module
    exec(co, module.__dict__)
  File "C:\Users\Andrey\AppData\Local\Packages\PythonSoftwareFoundation.Python.3.12_qbz5n2kfra8p0\LocalCache\local-packages\Python312\site-packages\langsmith\pytest_plugin.py", 
line 14, in <module>
    from langsmith import utils as ls_utils
  File "<frozen importlib._bootstrap>", line 1360, in _find_and_load
  File "<frozen importlib._bootstrap>", line 1331, in _find_and_load_unlocked
  File "<frozen importlib._bootstrap>", line 935, in _load_unlocked
  File "C:\Users\Andrey\AppData\Local\Packages\PythonSoftwareFoundation.Python.3.12_qbz5n2kfra8p0\LocalCache\local-packages\Python312\site-packages\_pytest\assertion\rewrite.py", 
line 185, in exec_module
    exec(co, module.__dict__)
  File "C:\Users\Andrey\AppData\Local\Packages\PythonSoftwareFoundation.Python.3.12_qbz5n2kfra8p0\LocalCache\local-packages\Python312\site-packages\langsmith\utils.py", line 36, in 
<module>
    from langsmith import schemas as ls_schemas
  File "<frozen importlib._bootstrap>", line 1360, in _find_and_load
  File "<frozen importlib._bootstrap>", line 1331, in _find_and_load_unlocked
  File "<frozen importlib._bootstrap>", line 935, in _load_unlocked
  File "C:\Users\Andrey\AppData\Local\Packages\PythonSoftwareFoundation.Python.3.12_qbz5n2kfra8p0\LocalCache\local-packages\Python312\site-packages\_pytest\assertion\rewrite.py", 
line 185, in exec_module
    exec(co, module.__dict__)
  File "C:\Users\Andrey\AppData\Local\Packages\PythonSoftwareFoundation.Python.3.12_qbz5n2kfra8p0\LocalCache\local-packages\Python312\site-packages\langsmith\schemas.py", line 152, 
in <module>
    class Example(ExampleBase):
  File "C:\Users\Andrey\AppData\Local\Packages\PythonSoftwareFoundation.Python.3.12_qbz5n2kfra8p0\LocalCache\local-packages\Python312\site-packages\pydantic\v1\main.py", line 286, 
in __new__
    cls.__try_update_forward_refs__()
  File "C:\Users\Andrey\AppData\Local\Packages\PythonSoftwareFoundation.Python.3.12_qbz5n2kfra8p0\LocalCache\local-packages\Python312\site-packages\pydantic\v1\main.py", line 808, 
in __try_update_forward_refs__
    update_model_forward_refs(cls, cls.__fields__.values(), cls.__config__.json_encoders, localns, (NameError,))
  File "C:\Users\Andrey\AppData\Local\Packages\PythonSoftwareFoundation.Python.3.12_qbz5n2kfra8p0\LocalCache\local-packages\Python312\site-packages\pydantic\v1\typing.py", line 
554, in update_model_forward_refs
    update_field_forward_refs(f, globalns=globalns, localns=localns)
  File "C:\Users\Andrey\AppData\Local\Packages\PythonSoftwareFoundation.Python.3.12_qbz5n2kfra8p0\LocalCache\local-packages\Python312\site-packages\pydantic\v1\typing.py", line 
520, in update_field_forward_refs
    field.type_ = evaluate_forwardref(field.type_, globalns, localns or None)
                  ^^^^^^^^^^^^^^^^^^^^^^^^^^^^^^^^^^^^^^^^^^^^^^^^^^^^^^^^^^^
  File "C:\Users\Andrey\AppData\Local\Packages\PythonSoftwareFoundation.Python.3.12_qbz5n2kfra8p0\LocalCache\local-packages\Python312\site-packages\pydantic\v1\typing.py", line 66, 
in evaluate_forwardref
    return cast(Any, type_)._evaluate(globalns, localns, set())
           ^^^^^^^^^^^^^^^^^^^^^^^^^^^^^^^^^^^^^^^^^^^^^^^^^^^^
TypeError: ForwardRef._evaluate() missing 1 required keyword-only argument: 'recursive_guard'
